com\ServicePro\ServicePro\repository\RequerimentoWIfiRepository.class
com\ServicePro\ServicePro\service\OrdemDeServicoPROJETORservice.class
com\ServicePro\ServicePro\service\OrdemDeServicoSalaService.class
com\ServicePro\ServicePro\utils\FormatadorUtil.class
com\ServicePro\ServicePro\service\ReqPROJETORService.class
com\ServicePro\ServicePro\utils\ValidacaoUtil.class
com\ServicePro\ServicePro\repository\OrdemDeServicoRepository.class
com\ServicePro\ServicePro\ServiceProApplication.class
com\ServicePro\ServicePro\models\RequerimentoProjetor.class
com\ServicePro\ServicePro\service\FuncionarioService.class
com\ServicePro\ServicePro\models\RequerimentoSala.class
com\ServicePro\ServicePro\controllers\FuncionarioController.class
com\ServicePro\ServicePro\repository\RequerimentoProjetorRepository.class
com\ServicePro\ServicePro\models\OrdemDeServico.class
com\ServicePro\ServicePro\repository\OrdemDeServicoSalaRepository.class
com\ServicePro\ServicePro\models\OrdemDeServicoSala.class
com\ServicePro\ServicePro\log\Log.class
com\ServicePro\ServicePro\models\Requerimento.class
com\ServicePro\ServicePro\component\RestTemplateConfig.class
com\ServicePro\ServicePro\controllers\BuscaController.class
com\ServicePro\ServicePro\repository\FuncionarioRepository.class
com\ServicePro\ServicePro\repository\AuxiliarRepository.class
com\ServicePro\ServicePro\config\WebConfig.class
com\ServicePro\ServicePro\component\clienteHTTP.class
com\ServicePro\ServicePro\repository\RequerimentoSalaRepository.class
com\ServicePro\ServicePro\controllers\SuporteController.class
com\ServicePro\ServicePro\repository\OrdemDeServicoProjetorRepository.class
com\ServicePro\ServicePro\models\OrdemDeServicoProjetor.class
com\ServicePro\ServicePro\models\Auxiliar.class
com\ServicePro\ServicePro\controllers\RelatorioController.class
com\ServicePro\ServicePro\service\OrdemDeServicoService.class
com\ServicePro\ServicePro\service\ReqSALAService.class
com\ServicePro\ServicePro\service\AuxiliarService.class
com\ServicePro\ServicePro\config\DataConfiguration.class
com\ServicePro\ServicePro\controllers\ReqWifiController.class
com\ServicePro\ServicePro\models\Funcionario.class
com\ServicePro\ServicePro\service\ReqWifiService.class
com\ServicePro\ServicePro\controllers\ReqSalaController.class
com\ServicePro\ServicePro\controllers\ReqProjetorController.class
